// Jest Snapshot v1, https://goo.gl/fbAQLP

exports[`migrations should match snapshot 1`] = `
Object {
  "_id": "migrations",
  "_rev": "1-6277abc4e3db950221768e5a2618a059",
  "test": 1487076708000,
}
`;
