// Jest Snapshot v1, https://goo.gl/fbAQLP

exports[`CSV Parser transformation transforms a CSV file into JSON 1`] = `
Array [
  Object {
    "Age": 4324,
  },
  Object {
    "Age": 34,
  },
  Object {
    "Age": 23423,
  },
]
`;
